// Jest Snapshot v1, https://jestjs.io/docs/snapshot-testing

exports[`Property 7: Emitting a warning does not alter module exports matches the known export-surface snapshot (names and value types) 1`] = `
{
  "cache": {
    "names": [
      "Cache",
      "CacheableDataAccess",
      "TestHarness",
    ],
    "types": {
      "Cache": "function",
      "CacheableDataAccess": "function",
      "TestHarness": "function",
    },
  },
  "endpoint": {
    "names": [
      "get",
      "getDataDirectFromURI",
      "send",
    ],
    "types": {
      "get": "function",
      "getDataDirectFromURI": "function",
      "send": "function",
    },
  },
  "index": {
    "names": [
      "cache",
      "endpoint",
      "tools",
    ],
    "types": {
      "cache": "object",
      "endpoint": "object",
      "tools": "object",
    },
  },
  "tools": {
    "names": [
      "APIRequest",
      "AWS",
      "AWSXRay",
      "ApiRequest",
      "AppConfig",
      "Aws",
      "AwsXRay",
      "CachedParameterSecret",
      "CachedParameterSecrets",
      "CachedSSMParameter",
      "CachedSecret",
      "CachedSsmParameter",
      "ClientRequest",
      "Connection",
      "ConnectionAuthentication",
      "ConnectionRequest",
      "Connections",
      "DebugAndLog",
      "ImmutableObject",
      "RequestInfo",
      "Response",
      "ResponseDataModel",
      "Timer",
      "_ConfigSuperClass",
      "flushMetrics",
      "hashThisData",
      "htmlGenericResponse",
      "jsonGenericResponse",
      "nodeVer",
      "nodeVerMajor",
      "nodeVerMajorMinor",
      "nodeVerMinor",
      "obfuscate",
      "printMsg",
      "rssGenericResponse",
      "sanitize",
      "textGenericResponse",
      "xmlGenericResponse",
    ],
    "types": {
      "APIRequest": "function",
      "AWS": "function",
      "AWSXRay": "object",
      "ApiRequest": "function",
      "AppConfig": "function",
      "Aws": "function",
      "AwsXRay": "object",
      "CachedParameterSecret": "function",
      "CachedParameterSecrets": "function",
      "CachedSSMParameter": "function",
      "CachedSecret": "function",
      "CachedSsmParameter": "function",
      "ClientRequest": "function",
      "Connection": "function",
      "ConnectionAuthentication": "function",
      "ConnectionRequest": "function",
      "Connections": "function",
      "DebugAndLog": "function",
      "ImmutableObject": "function",
      "RequestInfo": "function",
      "Response": "function",
      "ResponseDataModel": "function",
      "Timer": "function",
      "_ConfigSuperClass": "function",
      "flushMetrics": "function",
      "hashThisData": "function",
      "htmlGenericResponse": "object",
      "jsonGenericResponse": "object",
      "nodeVer": "string",
      "nodeVerMajor": "number",
      "nodeVerMajorMinor": "string",
      "nodeVerMinor": "number",
      "obfuscate": "function",
      "printMsg": "function",
      "rssGenericResponse": "object",
      "sanitize": "function",
      "textGenericResponse": "object",
      "xmlGenericResponse": "object",
    },
  },
}
`;
